Archive member included to satisfy reference by file (symbol)

E:/ST/STM32CubeIDE_1.17.0/STM32CubeIDE/plugins/com.st.stm32cube.ide.mcu.externaltools.gnu-tools-for-stm32.13.3.rel1.win32_1.0.0.202411081344/tools/bin/../lib/gcc/arm-none-eabi/13.3.1/../../../../arm-none-eabi/lib/thumb/v7-m/nofp\libc_nano.a(libc_a-exit.o)
                              E:/ST/STM32CubeIDE_1.17.0/STM32CubeIDE/plugins/com.st.stm32cube.ide.mcu.externaltools.gnu-tools-for-stm32.13.3.rel1.win32_1.0.0.202411081344/tools/bin/../lib/gcc/arm-none-eabi/13.3.1/../../../../arm-none-eabi/lib/thumb/v7-m/nofp/crt0.o (exit)
E:/ST/STM32CubeIDE_1.17.0/STM32CubeIDE/plugins/com.st.stm32cube.ide.mcu.externaltools.gnu-tools-for-stm32.13.3.rel1.win32_1.0.0.202411081344/tools/bin/../lib/gcc/arm-none-eabi/13.3.1/../../../../arm-none-eabi/lib/thumb/v7-m/nofp\libc_nano.a(libc_a-findfp.o)
                              E:/ST/STM32CubeIDE_1.17.0/STM32CubeIDE/plugins/com.st.stm32cube.ide.mcu.externaltools.gnu-tools-for-stm32.13.3.rel1.win32_1.0.0.202411081344/tools/bin/../lib/gcc/arm-none-eabi/13.3.1/../../../../arm-none-eabi/lib/thumb/v7-m/nofp\libc_nano.a(libc_a-exit.o) (__stdio_exit_handler)
E:/ST/STM32CubeIDE_1.17.0/STM32CubeIDE/plugins/com.st.stm32cube.ide.mcu.externaltools.gnu-tools-for-stm32.13.3.rel1.win32_1.0.0.202411081344/tools/bin/../lib/gcc/arm-none-eabi/13.3.1/../../../../arm-none-eabi/lib/thumb/v7-m/nofp\libc_nano.a(libc_a-fwalk.o)
                              E:/ST/STM32CubeIDE_1.17.0/STM32CubeIDE/plugins/com.st.stm32cube.ide.mcu.externaltools.gnu-tools-for-stm32.13.3.rel1.win32_1.0.0.202411081344/tools/bin/../lib/gcc/arm-none-eabi/13.3.1/../../../../arm-none-eabi/lib/thumb/v7-m/nofp\libc_nano.a(libc_a-findfp.o) (_fwalk_sglue)
E:/ST/STM32CubeIDE_1.17.0/STM32CubeIDE/plugins/com.st.stm32cube.ide.mcu.externaltools.gnu-tools-for-stm32.13.3.rel1.win32_1.0.0.202411081344/tools/bin/../lib/gcc/arm-none-eabi/13.3.1/../../../../arm-none-eabi/lib/thumb/v7-m/nofp\libc_nano.a(libc_a-stdio.o)
                              E:/ST/STM32CubeIDE_1.17.0/STM32CubeIDE/plugins/com.st.stm32cube.ide.mcu.externaltools.gnu-tools-for-stm32.13.3.rel1.win32_1.0.0.202411081344/tools/bin/../lib/gcc/arm-none-eabi/13.3.1/../../../../arm-none-eabi/lib/thumb/v7-m/nofp\libc_nano.a(libc_a-findfp.o) (__sread)
E:/ST/STM32CubeIDE_1.17.0/STM32CubeIDE/plugins/com.st.stm32cube.ide.mcu.externaltools.gnu-tools-for-stm32.13.3.rel1.win32_1.0.0.202411081344/tools/bin/../lib/gcc/arm-none-eabi/13.3.1/../../../../arm-none-eabi/lib/thumb/v7-m/nofp\libc_nano.a(libc_a-memset.o)
                              E:/ST/STM32CubeIDE_1.17.0/STM32CubeIDE/plugins/com.st.stm32cube.ide.mcu.externaltools.gnu-tools-for-stm32.13.3.rel1.win32_1.0.0.202411081344/tools/bin/../lib/gcc/arm-none-eabi/13.3.1/../../../../arm-none-eabi/lib/thumb/v7-m/nofp/crt0.o (memset)
E:/ST/STM32CubeIDE_1.17.0/STM32CubeIDE/plugins/com.st.stm32cube.ide.mcu.externaltools.gnu-tools-for-stm32.13.3.rel1.win32_1.0.0.202411081344/tools/bin/../lib/gcc/arm-none-eabi/13.3.1/../../../../arm-none-eabi/lib/thumb/v7-m/nofp\libc_nano.a(libc_a-closer.o)
                              E:/ST/STM32CubeIDE_1.17.0/STM32CubeIDE/plugins/com.st.stm32cube.ide.mcu.externaltools.gnu-tools-for-stm32.13.3.rel1.win32_1.0.0.202411081344/tools/bin/../lib/gcc/arm-none-eabi/13.3.1/../../../../arm-none-eabi/lib/thumb/v7-m/nofp\libc_nano.a(libc_a-stdio.o) (_close_r)
E:/ST/STM32CubeIDE_1.17.0/STM32CubeIDE/plugins/com.st.stm32cube.ide.mcu.externaltools.gnu-tools-for-stm32.13.3.rel1.win32_1.0.0.202411081344/tools/bin/../lib/gcc/arm-none-eabi/13.3.1/../../../../arm-none-eabi/lib/thumb/v7-m/nofp\libc_nano.a(libc_a-reent.o)
                              E:/ST/STM32CubeIDE_1.17.0/STM32CubeIDE/plugins/com.st.stm32cube.ide.mcu.externaltools.gnu-tools-for-stm32.13.3.rel1.win32_1.0.0.202411081344/tools/bin/../lib/gcc/arm-none-eabi/13.3.1/../../../../arm-none-eabi/lib/thumb/v7-m/nofp\libc_nano.a(libc_a-closer.o) (errno)
E:/ST/STM32CubeIDE_1.17.0/STM32CubeIDE/plugins/com.st.stm32cube.ide.mcu.externaltools.gnu-tools-for-stm32.13.3.rel1.win32_1.0.0.202411081344/tools/bin/../lib/gcc/arm-none-eabi/13.3.1/../../../../arm-none-eabi/lib/thumb/v7-m/nofp\libc_nano.a(libc_a-impure.o)
                              E:/ST/STM32CubeIDE_1.17.0/STM32CubeIDE/plugins/com.st.stm32cube.ide.mcu.externaltools.gnu-tools-for-stm32.13.3.rel1.win32_1.0.0.202411081344/tools/bin/../lib/gcc/arm-none-eabi/13.3.1/../../../../arm-none-eabi/lib/thumb/v7-m/nofp\libc_nano.a(libc_a-reent.o) (_impure_ptr)
E:/ST/STM32CubeIDE_1.17.0/STM32CubeIDE/plugins/com.st.stm32cube.ide.mcu.externaltools.gnu-tools-for-stm32.13.3.rel1.win32_1.0.0.202411081344/tools/bin/../lib/gcc/arm-none-eabi/13.3.1/../../../../arm-none-eabi/lib/thumb/v7-m/nofp\libc_nano.a(libc_a-lseekr.o)
[...]
Memory Configuration

Name             Origin             Length             Attributes
RAM              0x20000000         0x00005000         xrw
FLASH            0x08000000         0x00010000         xr
*default*        0x00000000         0xffffffff

Linker script and memory map

LOAD E:/ST/STM32CubeIDE_1.17.0/STM32CubeIDE/plugins/com.st.stm32cube.ide.mcu.externaltools.gnu-tools-for-stm32.13.3.rel1.win32_1.0.0.202411081344/tools/bin/../lib/gcc/arm-none-eabi/13.3.1/thumb/v7-m/nofp/crti.o
LOAD E:/ST/STM32CubeIDE_1.17.0/STM32CubeIDE/plugins/com.st.stm32cube.ide.mcu.externaltools.gnu-tools-for-stm32.13.3.rel1.win32_1.0.0.202411081344/tools/bin/../lib/gcc/arm-none-eabi/13.3.1/thumb/v7-m/nofp/crtbegin.o
LOAD E:/ST/STM32CubeIDE_1.17.0/STM32CubeIDE/plugins/com.st.stm32cube.ide.mcu.externaltools.gnu-tools-for-stm32.13.3.rel1.win32_1.0.0.202411081344/tools/bin/../lib/gcc/arm-none-eabi/13.3.1/../../../../arm-none-eabi/lib/thumb/v7-m/nofp/crt0.o
LOAD ./Core/Src/gpio.o
LOAD ./Core/Src/main.o
LOAD ./Core/Src/stm32f1xx_hal_msp.o
LOAD ./Core/Src/stm32f1xx_hal_timebase_tim.o
LOAD ./Core/Src/stm32f1xx_it.o
LOAD ./Core/Src/syscalls.o
LOAD ./Core/Src/sysmem.o
LOAD ./Core/Src/system_stm32f1xx.o
LOAD ./Core/Src/tim.o
LOAD ./Core/Src/usart.o
LOAD ./Core/Startup/startup_stm32f103c8tx.o
LOAD ./Drivers/STM32F1xx_HAL_Driver/Src/stm32f1xx_hal.o
LOAD ./Drivers/STM32F1xx_HAL_Driver/Src/stm32f1xx_hal_cortex.o
LOAD ./Drivers/STM32F1xx_HAL_Driver/Src/stm32f1xx_hal_dma.o
LOAD ./Drivers/STM32F1xx_HAL_Driver/Src/stm32f1xx_hal_exti.o
LOAD ./Drivers/STM32F1xx_HAL_Driver/Src/stm32f1xx_hal_flash.o
LOAD ./Drivers/STM32F1xx_HAL_Driver/Src/stm32f1xx_hal_flash_ex.o
LOAD ./Drivers/STM32F1xx_HAL_Driver/Src/stm32f1xx_hal_gpio.o
LOAD ./Drivers/STM32F1xx_HAL_Driver/Src/stm32f1xx_hal_gpio_ex.o
LOAD ./Drivers/STM32F1xx_HAL_Driver/Src/stm32f1xx_hal_pwr.o
LOAD ./Drivers/STM32F1xx_HAL_Driver/Src/stm32f1xx_hal_rcc.o
LOAD ./Drivers/STM32F1xx_HAL_Driver/Src/stm32f1xx_hal_rcc_ex.o
LOAD ./Drivers/STM32F1xx_HAL_Driver/Src/stm32f1xx_hal_tim.o
LOAD ./Drivers/STM32F1xx_HAL_Driver/Src/stm32f1xx_hal_tim_ex.o
LOAD ./Drivers/STM32F1xx_HAL_Driver/Src/stm32f1xx_hal_uart.o
LOAD ./ModbusRTU/modbus_port.o
LOAD ./ModbusRTU/modbus_registers.o
LOAD ./ModbusRTU/modbus_rtu.o
LOAD ./ModbusRTU/modbus_rtu_master.o
START GROUP
LOAD E:/ST/STM32CubeIDE_1.17.0/STM32CubeIDE/plugins/com.st.stm32cube.ide.mcu.externaltools.gnu-tools-for-stm32.13.3.rel1.win32_1.0.0.202411081344/tools/bin/../lib/gcc/arm-none-eabi/13.3.1/../../../../arm-none-eabi/lib/thumb/v7-m/nofp\libc_nano.a
LOAD E:/ST/STM32CubeIDE_1.17.0/STM32CubeIDE/plugins/com.st.stm32cube.ide.mcu.externaltools.gnu-tools-for-stm32.13.3.rel1.win32_1.0.0.202411081344/tools/bin/../lib/gcc/arm-none-eabi/13.3.1/../../../../arm-none-eabi/lib/thumb/v7-m/nofp\libm.a
END GROUP
START GROUP
LOAD E:/ST/STM32CubeIDE_1.17.0/STM32CubeIDE/plugins/com.st.stm32cube.ide.mcu.externaltools.gnu-tools-for-stm32.13.3.rel1.win32_1.0.0.202411081344/tools/bin/../lib/gcc/arm-none-eabi/13.3.1/thumb/v7-m/nofp\libgcc.a
LOAD E:/ST/STM32CubeIDE_1.17.0/STM32CubeIDE/plugins/com.st.stm32cube.ide.mcu.externaltools.gnu-tools-for-stm32.13.3.rel1.win32_1.0.0.202411081344/tools/bin/../lib/gcc/arm-none-eabi/13.3.1/../../../../arm-none-eabi/lib/thumb/v7-m/nofp\libc_nano.a
END GROUP
START GROUP
LOAD E:/ST/STM32CubeIDE_1.17.0/STM32CubeIDE/plugins/com.st.stm32cube.ide.mcu.externaltools.gnu-tools-for-stm32.13.3.rel1.win32_1.0.0.202411081344/tools/bin/../lib/gcc/arm-none-eabi/13.3.1/thumb/v7-m/nofp\libgcc.a
LOAD E:/ST/STM32CubeIDE_1.17.0/STM32CubeIDE/plugins/com.st.stm32cube.ide.mcu.externaltools.gnu-tools-for-stm32.13.3.rel1.win32_1.0.0.202411081344/tools/bin/../lib/gcc/arm-none-eabi/13.3.1/../../../../arm-none-eabi/lib/thumb/v7-m/nofp\libc_nano.a
LOAD E:/ST/STM32CubeIDE_1.17.0/STM32CubeIDE/plugins/com.st.stm32cube.ide.mcu.externaltools.gnu-tools-for-stm32.13.3.rel1.win32_1.0.0.202411081344/tools/bin/../lib/gcc/arm-none-eabi/13.3.1/../../../../arm-none-eabi/lib/thumb/v7-m/nofp\libnosys.a
END GROUP
START GROUP
LOAD E:/ST/STM32CubeIDE_1.17.0/STM32CubeIDE/plugins/com.st.stm32cube.ide.mcu.externaltools.gnu-tools-for-stm32.13.3.rel1.win32_1.0.0.202411081344/tools/bin/../lib/gcc/arm-none-eabi/13.3.1/thumb/v7-m/nofp\libgcc.a
LOAD E:/ST/STM32CubeIDE_1.17.0/STM32CubeIDE/plugins/com.st.stm32cube.ide.mcu.externaltools.gnu-tools-for-stm32.13.3.rel1.win32_1.0.0.202411081344/tools/bin/../lib/gcc/arm-none-eabi/13.3.1/../../../../arm-none-eabi/lib/thumb/v7-m/nofp\libc_nano.a
LOAD E:/ST/STM32CubeIDE_1.17.0/STM32CubeIDE/plugins/com.st.stm32cube.ide.mcu.externaltools.gnu-tools-for-stm32.13.3.rel1.win32_1.0.0.202411081344/tools/bin/../lib/gcc/arm-none-eabi/13.3.1/../../../../arm-none-eabi/lib/thumb/v7-m/nofp\libnosys.a
END GROUP
LOAD E:/ST/STM32CubeIDE_1.17.0/STM32CubeIDE/plugins/com.st.stm32cube.ide.mcu.externaltools.gnu-tools-for-stm32.13.3.rel1.win32_1.0.0.202411081344/tools/bin/../lib/gcc/arm-none-eabi/13.3.1/thumb/v7-m/nofp/crtend.o
LOAD E:/ST/STM32CubeIDE_1.17.0/STM32CubeIDE/plugins/com.st.stm32cube.ide.mcu.externaltools.gnu-tools-for-stm32.13.3.rel1.win32_1.0.0.202411081344/tools/bin/../lib/gcc/arm-none-eabi/13.3.1/thumb/v7-m/nofp/crtn.o
                0x20005000                        _estack = (ORIGIN (RAM) + LENGTH (RAM))
                0x00000200                        _Min_Heap_Size = 0x200
                0x00000400                        _Min_Stack_Size = 0x400

.isr_vector     0x08000000      0x10c
                0x08000000                        . = ALIGN (0x4)
 *(.isr_vector)
 .isr_vector    0x08000000      0x10c ./Core/Startup/startup_stm32f103c8tx.o
                0x08000000                g_pfnVectors
                0x0800010c                        . = ALIGN (0x4)

.text           0x0800010c     0x3e98
                0x0800010c                        . = ALIGN (0x4)
 *(.text)
 .text          0x0800010c       0x40 E:/ST/STM32CubeIDE_1.17.0/STM32CubeIDE/plugins/com.st.stm32cube.ide.mcu.externaltools.gnu-tools-for-stm32.13.3.rel1.win32_1.0.0.202411081344/tools/bin/../lib/gcc/arm-none-eabi/13.3.1/thumb/v7-m/nofp/crtbegin.o
 *(.text*)
 .text.MX_GPIO_Init
                0x0800014c       0x80 ./Core/Src/gpio.o
                0x0800014c                MX_GPIO_Init
 .text.main     0x080001cc       0x28 ./Core/Src/main.o
                0x080001cc                main
 .text.SystemClock_Config
                0x080001f4       0x8a ./Core/Src/main.o
                0x080001f4                SystemClock_Config
 *fill*         0x0800027e        0x2 
 .text.HAL_UART_RxCpltCallback
                0x08000280       0x38 ./Core/Src/main.o
                0x08000280                HAL_UART_RxCpltCallback
 .text.HAL_UART_ErrorCallback
                0x080002b8       0x78 ./Core/Src/main.o
                0x080002b8                HAL_UART_ErrorCallback
 .text.HAL_TIM_PeriodElapsedCallback
                0x08000330       0x38 ./Core/Src/main.o
                0x08000330                HAL_TIM_PeriodElapsedCallback
 .text.Error_Handler
                0x08000368        0xc ./Core/Src/main.o
                0x08000368                Error_Handler
 .text.HAL_MspInit
                0x08000374       0x64 ./Core/Src/stm32f1xx_hal_msp.o
                0x08000374                HAL_MspInit
 .text.HAL_InitTick
                0x080003d8       0xfc ./Core/Src/stm32f1xx_hal_timebase_tim.o
                0x080003d8                HAL_InitTick
 .text.NMI_Handler
                0x080004d4        0x8 ./Core/Src/stm32f1xx_it.o
                0x080004d4                NMI_Handler
 .text.HardFault_Handler
                0x080004dc        0x8 ./Core/Src/stm32f1xx_it.o
                0x080004dc                HardFault_Handler
 .text.MemManage_Handler
                0x080004e4        0x8 ./Core/Src/stm32f1xx_it.o
                0x080004e4                MemManage_Handler
 .text.BusFault_Handler
                0x080004ec        0x8 ./Core/Src/stm32f1xx_it.o
                0x080004ec                BusFault_Handler
 .text.UsageFault_Handler
                0x080004f4        0x8 ./Core/Src/stm32f1xx_it.o
                0x080004f4                UsageFault_Handler
 .text.SVC_Handler
                0x080004fc        0xc ./Core/Src/stm32f1xx_it.o
                0x080004fc                SVC_Handler
 .text.DebugMon_Handler
                0x08000508        0xc ./Core/Src/stm32f1xx_it.o
                0x08000508                DebugMon_Handler
 .text.PendSV_Handler
                0x08000514        0xc ./Core/Src/stm32f1xx_it.o
                0x08000514                PendSV_Handler
 .text.SysTick_Handler
                0x08000520        0xc ./Core/Src/stm32f1xx_it.o
                0x08000520                SysTick_Handler
 .text.TIM2_IRQHandler
                0x0800052c       0x14 ./Core/Src/stm32f1xx_it.o
                0x0800052c                TIM2_IRQHandler
 .text.TIM4_IRQHandler
                0x08000540       0x14 ./Core/Src/stm32f1xx_it.o
                0x08000540                TIM4_IRQHandler
 .text.USART1_IRQHandler
                0x08000554       0x14 ./Core/Src/stm32f1xx_it.o
                0x08000554                USART1_IRQHandler
 .text.SystemInit
                0x08000568        0xc ./Core/Src/system_stm32f1xx.o
                0x08000568                SystemInit
 .text.MX_TIM2_Init
                0x08000574       0x98 ./Core/Src/tim.o
                0x08000574                MX_TIM2_Init
 .text.HAL_TIM_Base_MspInit
                0x0800060c       0x48 ./Core/Src/tim.o
                0x0800060c                HAL_TIM_Base_MspInit
 .text.MX_USART1_UART_Init
                0x08000654       0x54 ./Core/Src/usart.o
                0x08000654                MX_USART1_UART_Init
 .text.HAL_UART_MspInit
                0x080006a8       0xa8 ./Core/Src/usart.o
                0x080006a8                HAL_UART_MspInit
 .text.HAL_UART_MspDeInit
                0x08000750       0x44 ./Core/Src/usart.o
                0x08000750                HAL_UART_MspDeInit
 .text.Reset_Handler
                0x08000794       0x48 ./Core/Startup/startup_stm32f103c8tx.o
                0x08000794                Reset_Handler
 .text.Default_Handler
                0x080007dc        0x2 ./Core/Startup/startup_stm32f103c8tx.o
                0x080007dc                RTC_Alarm_IRQHandler
                0x080007dc                EXTI2_IRQHandler
                0x080007dc                TIM1_CC_IRQHandler
                0x080007dc                PVD_IRQHandler
                0x080007dc                EXTI3_IRQHandler
                0x080007dc                EXTI0_IRQHandler
                0x080007dc                I2C2_EV_IRQHandler
                0x080007dc                ADC1_2_IRQHandler
                0x080007dc                SPI1_IRQHandler
                0x080007dc                TAMPER_IRQHandler
                0x080007dc                DMA1_Channel4_IRQHandler
                0x080007dc                USART3_IRQHandler
                0x080007dc                RTC_IRQHandler
                0x080007dc                DMA1_Channel7_IRQHandler
                0x080007dc                CAN1_RX1_IRQHandler
                0x080007dc                I2C1_EV_IRQHandler
                0x080007dc                DMA1_Channel6_IRQHandler
                0x080007dc                TIM3_IRQHandler
                0x080007dc                RCC_IRQHandler
                0x080007dc                TIM1_TRG_COM_IRQHandler
                0x080007dc                DMA1_Channel1_IRQHandler
                0x080007dc                Default_Handler
                0x080007dc                EXTI15_10_IRQHandler
                0x080007dc                EXTI9_5_IRQHandler
                0x080007dc                SPI2_IRQHandler
                0x080007dc                DMA1_Channel5_IRQHandler
                0x080007dc                EXTI4_IRQHandler
                0x080007dc                USB_LP_CAN1_RX0_IRQHandler
                0x080007dc                USB_HP_CAN1_TX_IRQHandler
                0x080007dc                DMA1_Channel3_IRQHandler
                0x080007dc                TIM1_UP_IRQHandler
                0x080007dc                WWDG_IRQHandler
                0x080007dc                TIM1_BRK_IRQHandler
                0x080007dc                EXTI1_IRQHandler
                0x080007dc                USART2_IRQHandler
                0x080007dc                I2C2_ER_IRQHandler
                0x080007dc                DMA1_Channel2_IRQHandler
                0x080007dc                CAN1_SCE_IRQHandler
                0x080007dc                FLASH_IRQHandler
                0x080007dc                I2C1_ER_IRQHandler
                0x080007dc                USBWakeUp_IRQHandler
 *fill*         0x080007de        0x2 
 .text.HAL_Init
                0x080007e0       0x2c ./Drivers/STM32F1xx_HAL_Driver/Src/stm32f1xx_hal.o
                0x080007e0                HAL_Init
 .text.HAL_IncTick
                0x0800080c       0x24 ./Drivers/STM32F1xx_HAL_Driver/Src/stm32f1xx_hal.o
                0x0800080c                HAL_IncTick
 .text.HAL_GetTick
                0x08000830       0x14 ./Drivers/STM32F1xx_HAL_Driver/Src/stm32f1xx_hal.o
                0x08000830                HAL_GetTick
 .text.__NVIC_SetPriorityGrouping
                0x08000844       0x48 ./Drivers/STM32F1xx_HAL_Driver/Src/stm32f1xx_hal_cortex.o
 .text.__NVIC_GetPriorityGrouping
                0x0800088c       0x1c ./Drivers/STM32F1xx_HAL_Driver/Src/stm32f1xx_hal_cortex.o
 .text.__NVIC_EnableIRQ
                0x080008a8       0x38 ./Drivers/STM32F1xx_HAL_Driver/Src/stm32f1xx_hal_cortex.o
 .text.__NVIC_DisableIRQ
                0x080008e0       0x48 ./Drivers/STM32F1xx_HAL_Driver/Src/stm32f1xx_hal_cortex.o
 .text.__NVIC_SetPriority
                0x08000928       0x54 ./Drivers/STM32F1xx_HAL_Driver/Src/stm32f1xx_hal_cortex.o
 .text.NVIC_EncodePriority
                0x0800097c       0x64 ./Drivers/STM32F1xx_HAL_Driver/Src/stm32f1xx_hal_cortex.o
 .text.HAL_NVIC_SetPriorityGrouping
                0x080009e0       0x16 ./Drivers/STM32F1xx_HAL_Driver/Src/stm32f1xx_hal_cortex.o
                0x080009e0                HAL_NVIC_SetPriorityGrouping
 .text.HAL_NVIC_SetPriority
                0x080009f6       0x38 ./Drivers/STM32F1xx_HAL_Driver/Src/stm32f1xx_hal_cortex.o
                0x080009f6                HAL_NVIC_SetPriority
 .text.HAL_NVIC_EnableIRQ
                0x08000a2e       0x1c ./Drivers/STM32F1xx_HAL_Driver/Src/stm32f1xx_hal_cortex.o
                0x08000a2e                HAL_NVIC_EnableIRQ
 .text.HAL_NVIC_DisableIRQ
                0x08000a4a       0x1c ./Drivers/STM32F1xx_HAL_Driver/Src/stm32f1xx_hal_cortex.o
                0x08000a4a                HAL_NVIC_DisableIRQ
 .text.HAL_DMA_Abort
                0x08000a66       0x76 ./Drivers/STM32F1xx_HAL_Driver/Src/stm32f1xx_hal_dma.o
                0x08000a66                HAL_DMA_Abort
 .text.HAL_DMA_Abort_IT
                0x08000adc       0xf0 ./Drivers/STM32F1xx_HAL_Driver/Src/stm32f1xx_hal_dma.o
                0x08000adc                HAL_DMA_Abort_IT
 .text.HAL_GPIO_Init
                0x08000bcc      0x308 ./Drivers/STM32F1xx_HAL_Driver/Src/stm32f1xx_hal_gpio.o
                0x08000bcc                HAL_GPIO_Init
 .text.HAL_GPIO_DeInit
                0x08000ed4      0x178 ./Drivers/STM32F1xx_HAL_Driver/Src/stm32f1xx_hal_gpio.o
                0x08000ed4                HAL_GPIO_DeInit
 .text.HAL_GPIO_WritePin
                0x0800104c       0x30 ./Drivers/STM32F1xx_HAL_Driver/Src/stm32f1xx_hal_gpio.o
                0x0800104c                HAL_GPIO_WritePin
 .text.HAL_RCC_OscConfig
                0x0800107c      0x504 ./Drivers/STM32F1xx_HAL_Driver/Src/stm32f1xx_hal_rcc.o
                0x0800107c                HAL_RCC_OscConfig
 .text.HAL_RCC_ClockConfig
                0x08001580      0x1d4 ./Drivers/STM32F1xx_HAL_Driver/Src/stm32f1xx_hal_rcc.o
                0x08001580                HAL_RCC_ClockConfig
 .text.HAL_RCC_GetSysClockFreq
                0x08001754       0xa8 ./Drivers/STM32F1xx_HAL_Driver/Src/stm32f1xx_hal_rcc.o
                0x08001754                HAL_RCC_GetSysClockFreq
 .text.HAL_RCC_GetHCLKFreq
                0x080017fc       0x14 ./Drivers/STM32F1xx_HAL_Driver/Src/stm32f1xx_hal_rcc.o
                0x080017fc                HAL_RCC_GetHCLKFreq
 .text.HAL_RCC_GetPCLK1Freq
                0x08001810       0x28 ./Drivers/STM32F1xx_HAL_Driver/Src/stm32f1xx_hal_rcc.o
                0x08001810                HAL_RCC_GetPCLK1Freq
 .text.HAL_RCC_GetPCLK2Freq
                0x08001838       0x28 ./Drivers/STM32F1xx_HAL_Driver/Src/stm32f1xx_hal_rcc.o
                0x08001838                HAL_RCC_GetPCLK2Freq
 .text.HAL_RCC_GetClockConfig
                0x08001860       0x60 ./Drivers/STM32F1xx_HAL_Driver/Src/stm32f1xx_hal_rcc.o
                0x08001860                HAL_RCC_GetClockConfig
 .text.RCC_Delay
                0x080018c0       0x3c ./Drivers/STM32F1xx_HAL_Driver/Src/stm32f1xx_hal_rcc.o
 .text.HAL_TIM_Base_Init
                0x080018fc       0x9e ./Drivers/STM32F1xx_HAL_Driver/Src/stm32f1xx_hal_tim.o
                0x080018fc                HAL_TIM_Base_Init
 *fill*         0x0800199a        0x2 
 .text.HAL_TIM_Base_Start_IT
                0x0800199c       0xa4 ./Drivers/STM32F1xx_HAL_Driver/Src/stm32f1xx_hal_tim.o
                0x0800199c                HAL_TIM_Base_Start_IT
 .text.HAL_TIM_Base_Stop_IT
                0x08001a40       0x5c ./Drivers/STM32F1xx_HAL_Driver/Src/stm32f1xx_hal_tim.o
                0x08001a40                HAL_TIM_Base_Stop_IT
 .text.HAL_TIM_IRQHandler
                0x08001a9c      0x1e0 ./Drivers/STM32F1xx_HAL_Driver/Src/stm32f1xx_hal_tim.o
                0x08001a9c                HAL_TIM_IRQHandler
 .text.HAL_TIM_ConfigClockSource
                0x08001c7c      0x18e ./Drivers/STM32F1xx_HAL_Driver/Src/stm32f1xx_hal_tim.o
                0x08001c7c                HAL_TIM_ConfigClockSource
 .text.HAL_TIM_OC_DelayElapsedCallback
                0x08001e0a       0x12 ./Drivers/STM32F1xx_HAL_Driver/Src/stm32f1xx_hal_tim.o
                0x08001e0a                HAL_TIM_OC_DelayElapsedCallback
 .text.HAL_TIM_IC_CaptureCallback
                0x08001e1c       0x12 ./Drivers/STM32F1xx_HAL_Driver/Src/stm32f1xx_hal_tim.o
                0x08001e1c                HAL_TIM_IC_CaptureCallback
 .text.HAL_TIM_PWM_PulseFinishedCallback
                0x08001e2e       0x12 ./Drivers/STM32F1xx_HAL_Driver/Src/stm32f1xx_hal_tim.o
                0x08001e2e                HAL_TIM_PWM_PulseFinishedCallback
 .text.HAL_TIM_TriggerCallback
                0x08001e40       0x12 ./Drivers/STM32F1xx_HAL_Driver/Src/stm32f1xx_hal_tim.o
                0x08001e40                HAL_TIM_TriggerCallback
 *fill*         0x08001e52        0x2 
 .text.TIM_Base_SetConfig
                0x08001e54       0xdc ./Drivers/STM32F1xx_HAL_Driver/Src/stm32f1xx_hal_tim.o
                0x08001e54                TIM_Base_SetConfig
 .text.TIM_TI1_ConfigInputStage
                0x08001f30       0x5c ./Drivers/STM32F1xx_HAL_Driver/Src/stm32f1xx_hal_tim.o
 .text.TIM_TI2_ConfigInputStage
                0x08001f8c       0x5e ./Drivers/STM32F1xx_HAL_Driver/Src/stm32f1xx_hal_tim.o
 .text.TIM_ITRx_SetConfig
                0x08001fea       0x34 ./Drivers/STM32F1xx_HAL_Driver/Src/stm32f1xx_hal_tim.o
 .text.TIM_ETR_SetConfig
                0x0800201e       0x3e ./Drivers/STM32F1xx_HAL_Driver/Src/stm32f1xx_hal_tim.o
                0x0800201e                TIM_ETR_SetConfig
 .text.HAL_TIMEx_MasterConfigSynchronization
                0x0800205c       0xbc ./Drivers/STM32F1xx_HAL_Driver/Src/stm32f1xx_hal_tim_ex.o
                0x0800205c                HAL_TIMEx_MasterConfigSynchronization
 .text.HAL_TIMEx_CommutCallback
                0x08002118       0x12 ./Drivers/STM32F1xx_HAL_Driver/Src/stm32f1xx_hal_tim_ex.o
                0x08002118                HAL_TIMEx_CommutCallback
 .text.HAL_TIMEx_BreakCallback
                0x0800212a       0x12 ./Drivers/STM32F1xx_HAL_Driver/Src/stm32f1xx_hal_tim_ex.o
                0x0800212a                HAL_TIMEx_BreakCallback
 .text.HAL_UART_Init
                0x0800213c       0xa0 ./Drivers/STM32F1xx_HAL_Driver/Src/stm32f1xx_hal_uart.o
                0x0800213c                HAL_UART_Init
 .text.HAL_UART_DeInit
                0x080021dc       0x64 ./Drivers/STM32F1xx_HAL_Driver/Src/stm32f1xx_hal_uart.o
                0x080021dc                HAL_UART_DeInit
 .text.HAL_UART_Transmit
                0x08002240      0x116 ./Drivers/STM32F1xx_HAL_Driver/Src/stm32f1xx_hal_uart.o
                0x08002240                HAL_UART_Transmit
 .text.HAL_UART_Receive_IT
                0x08002356       0x4a ./Drivers/STM32F1xx_HAL_Driver/Src/stm32f1xx_hal_uart.o
                0x08002356                HAL_UART_Receive_IT
 .text.HAL_UART_IRQHandler
                0x080023a0      0x524 ./Drivers/STM32F1xx_HAL_Driver/Src/stm32f1xx_hal_uart.o
                0x080023a0                HAL_UART_IRQHandler
 .text.HAL_UART_TxCpltCallback
                0x080028c4       0x12 ./Drivers/STM32F1xx_HAL_Driver/Src/stm32f1xx_hal_uart.o
                0x080028c4                HAL_UART_TxCpltCallback
 .text.HAL_UARTEx_RxEventCallback
                0x080028d6       0x16 ./Drivers/STM32F1xx_HAL_Driver/Src/stm32f1xx_hal_uart.o
                0x080028d6                HAL_UARTEx_RxEventCallback
 .text.UART_WaitOnFlagUntilTimeout
                0x080028ec       0xb2 ./Drivers/STM32F1xx_HAL_Driver/Src/stm32f1xx_hal_uart.o
 .text.UART_Start_Receive_IT
                0x0800299e       0x72 ./Drivers/STM32F1xx_HAL_Driver/Src/stm32f1xx_hal_uart.o
                0x0800299e                UART_Start_Receive_IT
 .text.UART_EndRxTransfer
                0x08002a10       0xc4 ./Drivers/STM32F1xx_HAL_Driver/Src/stm32f1xx_hal_uart.o
 .text.UART_DMAAbortOnError
                0x08002ad4       0x28 ./Drivers/STM32F1xx_HAL_Driver/Src/stm32f1xx_hal_uart.o
 .text.UART_Transmit_IT
                0x08002afc       0x9e ./Drivers/STM32F1xx_HAL_Driver/Src/stm32f1xx_hal_uart.o
 .text.UART_EndTransmit_IT
                0x08002b9a       0x30 ./Drivers/STM32F1xx_HAL_Driver/Src/stm32f1xx_hal_uart.o
 .text.UART_Receive_IT
                0x08002bca      0x17c ./Drivers/STM32F1xx_HAL_Driver/Src/stm32f1xx_hal_uart.o
 *fill*         0x08002d46        0x2 
 .text.UART_SetConfig
                0x08002d48      0x11c ./Drivers/STM32F1xx_HAL_Driver/Src/stm32f1xx_hal_uart.o
 .text.modbus_port_uart_init
                0x08002e64       0xbc ./ModbusRTU/modbus_port.o
                0x08002e64                modbus_port_uart_init
 .text.modbus_port_send
                0x08002f20       0x24 ./ModbusRTU/modbus_port.o
                0x08002f20                modbus_port_send
 .text.modbus_port_get_time_us
                0x08002f44       0x44 ./ModbusRTU/modbus_port.o
                0x08002f44                modbus_port_get_time_us
 .text.modbus_port_timer_init
                0x08002f88       0xcc ./ModbusRTU/modbus_port.o
                0x08002f88                modbus_port_timer_init
 .text.modbus_port_timer_enable
                0x08003054       0x34 ./ModbusRTU/modbus_port.o
                0x08003054                modbus_port_timer_enable
 .text.modbus_port_rs485_tx_enable
                0x08003088       0x34 ./ModbusRTU/modbus_port.o
                0x08003088                modbus_port_rs485_tx_enable
 .text.modbus_port_rs485_rx_enable
                0x080030bc       0x30 ./ModbusRTU/modbus_port.o
                0x080030bc                modbus_port_rs485_rx_enable
 .text.modbus_port_get_rx_byte
                0x080030ec       0x14 ./ModbusRTU/modbus_port.o
                0x080030ec                modbus_port_get_rx_byte
 .text.modbus_port_uart_receive_next
                0x08003100       0x1c ./ModbusRTU/modbus_port.o
                0x08003100                modbus_port_uart_receive_next
 .text.modbus_is_register_valid
                0x0800311c       0xd8 ./ModbusRTU/modbus_registers.o
                0x0800311c                modbus_is_register_valid
 .text.modbus_registers_init
                0x080031f4        0xc ./ModbusRTU/modbus_registers.o
                0x080031f4                modbus_registers_init
 .text.set_bit  0x08003200       0x8a ./ModbusRTU/modbus_rtu.o
 .text.get_bit  0x0800328a       0x3e ./ModbusRTU/modbus_rtu.o
 .text.get_register_index
                0x080032c8       0xdc ./ModbusRTU/modbus_rtu.o
 .text.modbus_rtu_init
                0x080033a4       0x6c ./ModbusRTU/modbus_rtu.o
                0x080033a4                modbus_rtu_init
 .text.modbus_rtu_set_callbacks
                0x08003410       0x26 ./ModbusRTU/modbus_rtu.o
                0x08003410                modbus_rtu_set_callbacks
 *fill*         0x08003436        0x2 
 .text.modbus_rtu_calc_crc
                0x08003438       0x54 ./ModbusRTU/modbus_rtu.o
                0x08003438                modbus_rtu_calc_crc
 .text.modbus_rtu_check_crc
                0x0800348c       0x60 ./ModbusRTU/modbus_rtu.o
                0x0800348c                modbus_rtu_check_crc
 .text.modbus_rtu_rx_byte
                0x080034ec       0x4a ./ModbusRTU/modbus_rtu.o
                0x080034ec                modbus_rtu_rx_byte
 .text.modbus_rtu_timer_callback
                0x08003536       0x38 ./ModbusRTU/modbus_rtu.o
                0x08003536                modbus_rtu_timer_callback
 .text.modbus_rtu_slave_process
                0x0800356e       0xc6 ./ModbusRTU/modbus_rtu.o
                0x0800356e                modbus_rtu_slave_process
 .text.validate_frame
                0x08003634       0x34 ./ModbusRTU/modbus_rtu.o
 .text.process_received_frame
                0x08003668      0x51c ./ModbusRTU/modbus_rtu.o
 .text.build_exception_response
                0x08003b84       0x42 ./ModbusRTU/modbus_rtu.o
 .text.send_response
                0x08003bc6       0xa0 ./ModbusRTU/modbus_rtu.o
 *fill*         0x08003c66        0x2 
 .text.modbus_rtu_get_coil
                0x08003c68       0x60 ./ModbusRTU/modbus_rtu.o
                0x08003c68                modbus_rtu_get_coil
 .text.modbus_rtu_set_coil
                0x08003cc8       0x60 ./ModbusRTU/modbus_rtu.o
                0x08003cc8                modbus_rtu_set_coil
 .text.modbus_rtu_get_discrete_input
                0x08003d28       0x60 ./ModbusRTU/modbus_rtu.o
                0x08003d28                modbus_rtu_get_discrete_input
 .text.modbus_rtu_get_holding_register
                0x08003d88       0x5c ./ModbusRTU/modbus_rtu.o
                0x08003d88                modbus_rtu_get_holding_register
 .text.modbus_rtu_set_holding_register
                0x08003de4       0x60 ./ModbusRTU/modbus_rtu.o
                0x08003de4                modbus_rtu_set_holding_register
 .text.modbus_rtu_get_input_register
                0x08003e44       0x5c ./ModbusRTU/modbus_rtu.o
                0x08003e44                modbus_rtu_get_input_register
 .text.modbus_easy_init
                0x08003ea0       0x60 ./ModbusRTU/modbus_rtu.o
                0x08003ea0                modbus_easy_init
 .text.modbus_easy_poll
                0x08003f00       0x34 ./ModbusRTU/modbus_rtu.o
                0x08003f00                modbus_easy_poll
 .text.memset   0x08003f34       0x10 E:/ST/STM32CubeIDE_1.17.0/STM32CubeIDE/plugins/com.st.stm32cube.ide.mcu.externaltools.gnu-tools-for-stm32.13.3.rel1.win32_1.0.0.202411081344/tools/bin/../lib/gcc/arm-none-eabi/13.3.1/../../../../arm-none-eabi/lib/thumb/v7-m/nofp\libc_nano.a(libc_a-memset.o)
                0x08003f34                memset
 .text.__libc_init_array
                0x08003f44       0x48 E:/ST/STM32CubeIDE_1.17.0/STM32CubeIDE/plugins/com.st.stm32cube.ide.mcu.externaltools.gnu-tools-for-stm32.13.3.rel1.win32_1.0.0.202411081344/tools/bin/../lib/gcc/arm-none-eabi/13.3.1/../../../../arm-none-eabi/lib/thumb/v7-m/nofp\libc_nano.a(libc_a-init.o)
                0x08003f44                __libc_init_array
 *(.glue_7)
 .glue_7        0x08003f8c        0x0 linker stubs
 *(.glue_7t)
 .glue_7t       0x08003f8c        0x0 linker stubs
 *(.eh_frame)
 .eh_frame      0x08003f8c        0x0 E:/ST/STM32CubeIDE_1.17.0/STM32CubeIDE/plugins/com.st.stm32cube.ide.mcu.externaltools.gnu-tools-for-stm32.13.3.rel1.win32_1.0.0.202411081344/tools/bin/../lib/gcc/arm-none-eabi/13.3.1/thumb/v7-m/nofp/crtbegin.o
 *(.init)
 .init          0x08003f8c        0x4 E:/ST/STM32CubeIDE_1.17.0/STM32CubeIDE/plugins/com.st.stm32cube.ide.mcu.externaltools.gnu-tools-for-stm32.13.3.rel1.win32_1.0.0.202411081344/tools/bin/../lib/gcc/arm-none-eabi/13.3.1/thumb/v7-m/nofp/crti.o
                0x08003f8c                _init
 .init          0x08003f90        0x8 E:/ST/STM32CubeIDE_1.17.0/STM32CubeIDE/plugins/com.st.stm32cube.ide.mcu.externaltools.gnu-tools-for-stm32.13.3.rel1.win32_1.0.0.202411081344/tools/bin/../lib/gcc/arm-none-eabi/13.3.1/thumb/v7-m/nofp/crtn.o
 *(.fini)
 .fini          0x08003f98        0x4 E:/ST/STM32CubeIDE_1.17.0/STM32CubeIDE/plugins/com.st.stm32cube.ide.mcu.externaltools.gnu-tools-for-stm32.13.3.rel1.win32_1.0.0.202411081344/tools/bin/../lib/gcc/arm-none-eabi/13.3.1/thumb/v7-m/nofp/crti.o
                0x08003f98                _fini
 .fini          0x08003f9c        0x8 E:/ST/STM32CubeIDE_1.17.0/STM32CubeIDE/plugins/com.st.stm32cube.ide.mcu.externaltools.gnu-tools-for-stm32.13.3.rel1.win32_1.0.0.202411081344/tools/bin/../lib/gcc/arm-none-eabi/13.3.1/thumb/v7-m/nofp/crtn.o
                0x08003fa4                        . = ALIGN (0x4)
                0x08003fa4                        _etext = .

.vfp11_veneer   0x08003fa4        0x0
 .vfp11_veneer  0x08003fa4        0x0 linker stubs

.v4_bx          0x08003fa4        0x0
 .v4_bx         0x08003fa4        0x0 linker stubs

.iplt           0x08003fa4        0x0
 .iplt          0x08003fa4        0x0 E:/ST/STM32CubeIDE_1.17.0/STM32CubeIDE/plugins/com.st.stm32cube.ide.mcu.externaltools.gnu-tools-for-stm32.13.3.rel1.win32_1.0.0.202411081344/tools/bin/../lib/gcc/arm-none-eabi/13.3.1/thumb/v7-m/nofp/crtbegin.o

.rodata         0x08003fa4      0x254
                0x08003fa4                        . = ALIGN (0x4)
 *(.rodata)
 *(.rodata*)
 .rodata.AHBPrescTable
                0x08003fa4       0x10 ./Core/Src/system_stm32f1xx.o
                0x08003fa4                AHBPrescTable
 .rodata.APBPrescTable
                0x08003fb4        0x8 ./Core/Src/system_stm32f1xx.o
                0x08003fb4                APBPrescTable
 .rodata.aPLLMULFactorTable.1
                0x08003fbc       0x10 ./Drivers/STM32F1xx_HAL_Driver/Src/stm32f1xx_hal_rcc.o
 .rodata.aPredivFactorTable.0
                0x08003fcc        0x2 ./Drivers/STM32F1xx_HAL_Driver/Src/stm32f1xx_hal_rcc.o
 *fill*         0x08003fce        0x2 
 .rodata.g_modbus_holding_register_map
                0x08003fd0       0x14 ./ModbusRTU/modbus_registers.o
                0x08003fd0                g_modbus_holding_register_map
 .rodata.g_modbus_input_register_map
                0x08003fe4        0xc ./ModbusRTU/modbus_registers.o
                0x08003fe4                g_modbus_input_register_map
 .rodata.g_modbus_coil_map
                0x08003ff0        0x4 ./ModbusRTU/modbus_registers.o
                0x08003ff0                g_modbus_coil_map
 .rodata.g_modbus_discrete_input_map
                0x08003ff4        0x4 ./ModbusRTU/modbus_registers.o
                0x08003ff4                g_modbus_discrete_input_map
 .rodata.crc16_table
                0x08003ff8      0x200 ./ModbusRTU/modbus_rtu.o
                0x080041f8                        . = ALIGN (0x4)

.ARM.extab      0x080041f8        0x0
                0x080041f8                        . = ALIGN (0x4)
 *(.ARM.extab* .gnu.linkonce.armextab.*)
                0x080041f8                        . = ALIGN (0x4)

.ARM            0x080041f8        0x0
                0x080041f8                        . = ALIGN (0x4)
                0x080041f8                        __exidx_start = .
 *(.ARM.exidx*)
                0x080041f8                        __exidx_end = .
                0x080041f8                        . = ALIGN (0x4)

.preinit_array  0x080041f8        0x0
                0x080041f8                        . = ALIGN (0x4)
                0x080041f8                        PROVIDE (__preinit_array_start = .)
 *(.preinit_array*)
                0x080041f8                        PROVIDE (__preinit_array_end = .)
                0x080041f8                        . = ALIGN (0x4)

.init_array     0x080041f8        0x4
                0x080041f8                        . = ALIGN (0x4)
                0x080041f8                        PROVIDE (__init_array_start = .)
 *(SORT_BY_NAME(.init_array.*))
 *(.init_array*)
 .init_array    0x080041f8        0x4 E:/ST/STM32CubeIDE_1.17.0/STM32CubeIDE/plugins/com.st.stm32cube.ide.mcu.externaltools.gnu-tools-for-stm32.13.3.rel1.win32_1.0.0.202411081344/tools/bin/../lib/gcc/arm-none-eabi/13.3.1/thumb/v7-m/nofp/crtbegin.o
                0x080041fc                        PROVIDE (__init_array_end = .)
                0x080041fc                        . = ALIGN (0x4)

.fini_array     0x080041fc        0x4
                0x080041fc                        . = ALIGN (0x4)
                [!provide]                        PROVIDE (__fini_array_start = .)
 *(SORT_BY_NAME(.fini_array.*))
 *(.fini_array*)
 .fini_array    0x080041fc        0x4 E:/ST/STM32CubeIDE_1.17.0/STM32CubeIDE/plugins/com.st.stm32cube.ide.mcu.externaltools.gnu-tools-for-stm32.13.3.rel1.win32_1.0.0.202411081344/tools/bin/../lib/gcc/arm-none-eabi/13.3.1/thumb/v7-m/nofp/crtbegin.o
                [!provide]                        PROVIDE (__fini_array_end = .)
                0x08004200                        . = ALIGN (0x4)
                0x08004200                        _sidata = LOADADDR (.data)

.rel.dyn        0x08004200        0x0
 .rel.iplt      0x08004200        0x0 E:/ST/STM32CubeIDE_1.17.0/STM32CubeIDE/plugins/com.st.stm32cube.ide.mcu.externaltools.gnu-tools-for-stm32.13.3.rel1.win32_1.0.0.202411081344/tools/bin/../lib/gcc/arm-none-eabi/13.3.1/thumb/v7-m/nofp/crtbegin.o

.data           0x20000000        0xc load address 0x08004200
                0x20000000                        . = ALIGN (0x4)
                0x20000000                        _sdata = .
 *(.data)
 *(.data*)
 .data.SystemCoreClock
                0x20000000        0x4 ./Core/Src/system_stm32f1xx.o
                0x20000000                SystemCoreClock
 .data.uwTickPrio
                0x20000004        0x4 ./Drivers/STM32F1xx_HAL_Driver/Src/stm32f1xx_hal.o
                0x20000004                uwTickPrio
 .data.uwTickFreq
                0x20000008        0x1 ./Drivers/STM32F1xx_HAL_Driver/Src/stm32f1xx_hal.o
                0x20000008                uwTickFreq
 *(.RamFunc)
 *(.RamFunc*)
                0x2000000c                        . = ALIGN (0x4)
 *fill*         0x20000009        0x3 
                0x2000000c                        _edata = .

.igot.plt       0x2000000c        0x0 load address 0x0800420c
 .igot.plt      0x2000000c        0x0 E:/ST/STM32CubeIDE_1.17.0/STM32CubeIDE/plugins/com.st.stm32cube.ide.mcu.externaltools.gnu-tools-for-stm32.13.3.rel1.win32_1.0.0.202411081344/tools/bin/../lib/gcc/arm-none-eabi/13.3.1/thumb/v7-m/nofp/crtbegin.o
                0x2000000c                        . = ALIGN (0x4)

.bss            0x2000000c      0x3a0 load address 0x0800420c
                0x2000000c                        _sbss = .
                0x2000000c                        __bss_start__ = _sbss
 *(.bss)
 .bss           0x2000000c       0x1c E:/ST/STM32CubeIDE_1.17.0/STM32CubeIDE/plugins/com.st.stm32cube.ide.mcu.externaltools.gnu-tools-for-stm32.13.3.rel1.win32_1.0.0.202411081344/tools/bin/../lib/gcc/arm-none-eabi/13.3.1/thumb/v7-m/nofp/crtbegin.o
 *(.bss*)
 .bss.htim4     0x20000028       0x48 ./Core/Src/stm32f1xx_hal_timebase_tim.o
                0x20000028                htim4
 .bss.htim2     0x20000070       0x48 ./Core/Src/tim.o
                0x20000070                htim2
 .bss.huart1    0x200000b8       0x48 ./Core/Src/usart.o
                0x200000b8                huart1
 .bss.uwTick    0x20000100        0x4 ./Drivers/STM32F1xx_HAL_Driver/Src/stm32f1xx_hal.o
                0x20000100                uwTick
 .bss.htim_modbus
                0x20000104       0x48 ./ModbusRTU/modbus_port.o
 .bss.uart_rx_byte
                0x2000014c        0x1 ./ModbusRTU/modbus_port.o
 *fill*         0x2000014d        0x3 
 .bss.g_modbus_holding_registers
                0x20000150        0xa ./ModbusRTU/modbus_registers.o
                0x20000150                g_modbus_holding_registers
 *fill*         0x2000015a        0x2 
 .bss.g_modbus_input_registers
                0x2000015c        0x6 ./ModbusRTU/modbus_registers.o
                0x2000015c                g_modbus_input_registers
 *fill*         0x20000162        0x2 
 .bss.g_modbus_coils
                0x20000164        0x1 ./ModbusRTU/modbus_registers.o
                0x20000164                g_modbus_coils
 *fill*         0x20000165        0x3 
 .bss.g_modbus_discrete_inputs
                0x20000168        0x1 ./ModbusRTU/modbus_registers.o
                0x20000168                g_modbus_discrete_inputs
 *fill*         0x20000169        0x3 
 .bss.g_modbus_ctx
                0x2000016c      0x23c ./ModbusRTU/modbus_rtu.o
                0x2000016c                g_modbus_ctx
 .bss.g_easy_initialized
                0x200003a8        0x1 ./ModbusRTU/modbus_rtu.o
 *(COMMON)
                0x200003ac                        . = ALIGN (0x4)
 *fill*         0x200003a9        0x3 
                0x200003ac                        _ebss = .
                0x200003ac                        __bss_end__ = _ebss

._user_heap_stack
                0x200003ac      0x604 load address 0x0800420c
                0x200003b0                        . = ALIGN (0x8)
 *fill*         0x200003ac        0x4 
                [!provide]                        PROVIDE (end = .)
                0x200003b0                        PROVIDE (_end = .)
                0x200005b0                        . = (. + _Min_Heap_Size)
 *fill*         0x200003b0      0x200 
                0x200009b0                        . = (. + _Min_Stack_Size)
 *fill*         0x200005b0      0x400 
                0x200009b0                        . = ALIGN (0x8)

/DISCARD/
 libc.a(*)
 libm.a(*)
 libgcc.a(*)

.ARM.attributes
                0x00000000       0x29
 *(.ARM.attributes)
 .ARM.attributes
                0x00000000       0x1d E:/ST/STM32CubeIDE_1.17.0/STM32CubeIDE/plugins/com.st.stm32cube.ide.mcu.externaltools.gnu-tools-for-stm32.13.3.rel1.win32_1.0.0.202411081344/tools/bin/../lib/gcc/arm-none-eabi/13.3.1/thumb/v7-m/nofp/crti.o
 .ARM.attributes
                0x0000001d       0x2d E:/ST/STM32CubeIDE_1.17.0/STM32CubeIDE/plugins/com.st.stm32cube.ide.mcu.externaltools.gnu-tools-for-stm32.13.3.rel1.win32_1.0.0.202411081344/tools/bin/../lib/gcc/arm-none-eabi/13.3.1/thumb/v7-m/nofp/crtbegin.o
 .ARM.attributes
                0x0000004a       0x2d ./Core/Src/gpio.o
 .ARM.attributes
                0x00000077       0x2d ./Core/Src/main.o
 .ARM.attributes
                0x000000a4       0x2d ./Core/Src/stm32f1xx_hal_msp.o
 .ARM.attributes
                0x000000d1       0x2d ./Core/Src/stm32f1xx_hal_timebase_tim.o
 .ARM.attributes
                0x000000fe       0x2d ./Core/Src/stm32f1xx_it.o
 .ARM.attributes
                0x0000012b       0x2d ./Core/Src/system_stm32f1xx.o
 .ARM.attributes
                0x00000158       0x2d ./Core/Src/tim.o
 .ARM.attributes
                0x00000185       0x2d ./Core/Src/usart.o
 .ARM.attributes
                0x000001b2       0x21 ./Core/Startup/startup_stm32f103c8tx.o
 .ARM.attributes
                0x000001d3       0x2d ./Drivers/STM32F1xx_HAL_Driver/Src/stm32f1xx_hal.o
 .ARM.attributes
                0x00000200       0x2d ./Drivers/STM32F1xx_HAL_Driver/Src/stm32f1xx_hal_cortex.o
 .ARM.attributes
                0x0000022d       0x2d ./Drivers/STM32F1xx_HAL_Driver/Src/stm32f1xx_hal_dma.o
 .ARM.attributes
                0x0000025a       0x2d ./Drivers/STM32F1xx_HAL_Driver/Src/stm32f1xx_hal_gpio.o
 .ARM.attributes
                0x00000287       0x2d ./Drivers/STM32F1xx_HAL_Driver/Src/stm32f1xx_hal_rcc.o
 .ARM.attributes
                0x000002b4       0x2d ./Drivers/STM32F1xx_HAL_Driver/Src/stm32f1xx_hal_tim.o
 .ARM.attributes
                0x000002e1       0x2d ./Drivers/STM32F1xx_HAL_Driver/Src/stm32f1xx_hal_tim_ex.o
 .ARM.attributes
                0x0000030e       0x2d ./Drivers/STM32F1xx_HAL_Driver/Src/stm32f1xx_hal_uart.o
 .ARM.attributes
                0x0000033b       0x2d ./ModbusRTU/modbus_port.o
 .ARM.attributes
                0x00000368       0x2d ./ModbusRTU/modbus_registers.o
 .ARM.attributes
                0x00000395       0x2d ./ModbusRTU/modbus_rtu.o
 .ARM.attributes
                0x000003c2       0x2d E:/ST/STM32CubeIDE_1.17.0/STM32CubeIDE/plugins/com.st.stm32cube.ide.mcu.externaltools.gnu-tools-for-stm32.13.3.rel1.win32_1.0.0.202411081344/tools/bin/../lib/gcc/arm-none-eabi/13.3.1/../../../../arm-none-eabi/lib/thumb/v7-m/nofp\libc_nano.a(libc_a-memset.o)
 .ARM.attributes
                0x000003ef       0x2d E:/ST/STM32CubeIDE_1.17.0/STM32CubeIDE/plugins/com.st.stm32cube.ide.mcu.externaltools.gnu-tools-for-stm32.13.3.rel1.win32_1.0.0.202411081344/tools/bin/../lib/gcc/arm-none-eabi/13.3.1/../../../../arm-none-eabi/lib/thumb/v7-m/nofp\libc_nano.a(libc_a-init.o)
 .ARM.attributes
                0x0000041c       0x1d E:/ST/STM32CubeIDE_1.17.0/STM32CubeIDE/plugins/com.st.stm32cube.ide.mcu.externaltools.gnu-tools-for-stm32.13.3.rel1.win32_1.0.0.202411081344/tools/bin/../lib/gcc/arm-none-eabi/13.3.1/thumb/v7-m/nofp/crtn.o
OUTPUT(ModbusRTUSlaveExample.elf elf32-littlearm)
LOAD linker stubs
LOAD E:/ST/STM32CubeIDE_1.17.0/STM32CubeIDE/plugins/com.st.stm32cube.ide.mcu.externaltools.gnu-tools-for-stm32.13.3.rel1.win32_1.0.0.202411081344/tools/bin/../lib/gcc/arm-none-eabi/13.3.1/../../../../arm-none-eabi/lib/thumb/v7-m/nofp\libc.a
LOAD E:/ST/STM32CubeIDE_1.17.0/STM32CubeIDE/plugins/com.st.stm32cube.ide.mcu.externaltools.gnu-tools-for-stm32.13.3.rel1.win32_1.0.0.202411081344/tools/bin/../lib/gcc/arm-none-eabi/13.3.1/../../../../arm-none-eabi/lib/thumb/v7-m/nofp\libm.a
LOAD E:/ST/STM32CubeIDE_1.17.0/STM32CubeIDE/plugins/com.st.stm32cube.ide.mcu.externaltools.gnu-tools-for-stm32.13.3.rel1.win32_1.0.0.202411081344/tools/bin/../lib/gcc/arm-none-eabi/13.3.1/thumb/v7-m/nofp\libgcc.a

.debug_info     0x00000000     0xede2
 .debug_info    0x00000000      0x29b ./Core/Src/gpio.o
 .debug_info    0x0000029b      0xd6d ./Core/Src/main.o
 .debug_info    0x00001008      0x1f1 ./Core/Src/stm32f1xx_hal_msp.o
 .debug_info    0x000011f9      0x9a8 ./Core/Src/stm32f1xx_hal_timebase_tim.o
 .debug_info    0x00001ba1      0x965 ./Core/Src/stm32f1xx_it.o
 .debug_info    0x00002506      0x222 ./Core/Src/system_stm32f1xx.o
 .debug_info    0x00002728      0x9bb ./Core/Src/tim.o
 .debug_info    0x000030e3      0x92a ./Core/Src/usart.o
 .debug_info    0x00003a0d       0x30 ./Core/Startup/startup_stm32f103c8tx.o
 .debug_info    0x00003a3d      0x704 ./Drivers/STM32F1xx_HAL_Driver/Src/stm32f1xx_hal.o
 .debug_info    0x00004141      0xa87 ./Drivers/STM32F1xx_HAL_Driver/Src/stm32f1xx_hal_cortex.o
 .debug_info    0x00004bc8      0x6d2 ./Drivers/STM32F1xx_HAL_Driver/Src/stm32f1xx_hal_dma.o
 .debug_info    0x0000529a      0x5ab ./Drivers/STM32F1xx_HAL_Driver/Src/stm32f1xx_hal_gpio.o
 .debug_info    0x00005845      0x7d5 ./Drivers/STM32F1xx_HAL_Driver/Src/stm32f1xx_hal_rcc.o
 .debug_info    0x0000601a     0x2959 ./Drivers/STM32F1xx_HAL_Driver/Src/stm32f1xx_hal_tim.o
 .debug_info    0x00008973     0x149b ./Drivers/STM32F1xx_HAL_Driver/Src/stm32f1xx_hal_tim_ex.o
 .debug_info    0x00009e0e     0x2eed ./Drivers/STM32F1xx_HAL_Driver/Src/stm32f1xx_hal_uart.o
 .debug_info    0x0000ccfb     0x1002 ./ModbusRTU/modbus_port.o
 .debug_info    0x0000dcfd      0x39b ./ModbusRTU/modbus_registers.o
 .debug_info    0x0000e098      0xd4a ./ModbusRTU/modbus_rtu.o

.debug_abbrev   0x00000000     0x28b2
 .debug_abbrev  0x00000000      0x13f ./Core/Src/gpio.o
 .debug_abbrev  0x0000013f      0x2a3 ./Core/Src/main.o
 .debug_abbrev  0x000003e2       0xdb ./Core/Src/stm32f1xx_hal_msp.o
 .debug_abbrev  0x000004bd      0x1f3 ./Core/Src/stm32f1xx_hal_timebase_tim.o
 .debug_abbrev  0x000006b0      0x188 ./Core/Src/stm32f1xx_it.o
 .debug_abbrev  0x00000838      0x13f ./Core/Src/system_stm32f1xx.o
 .debug_abbrev  0x00000977      0x20e ./Core/Src/tim.o
 .debug_abbrev  0x00000b85      0x205 ./Core/Src/usart.o
 .debug_abbrev  0x00000d8a       0x24 ./Core/Startup/startup_stm32f103c8tx.o
 .debug_abbrev  0x00000dae      0x201 ./Drivers/STM32F1xx_HAL_Driver/Src/stm32f1xx_hal.o
 .debug_abbrev  0x00000faf      0x2f8 ./Drivers/STM32F1xx_HAL_Driver/Src/stm32f1xx_hal_cortex.o
 .debug_abbrev  0x000012a7      0x20b ./Drivers/STM32F1xx_HAL_Driver/Src/stm32f1xx_hal_dma.o
 .debug_abbrev  0x000014b2      0x1ca ./Drivers/STM32F1xx_HAL_Driver/Src/stm32f1xx_hal_gpio.o
 .debug_abbrev  0x0000167c      0x2b3 ./Drivers/STM32F1xx_HAL_Driver/Src/stm32f1xx_hal_rcc.o
 .debug_abbrev  0x0000192f      0x277 ./Drivers/STM32F1xx_HAL_Driver/Src/stm32f1xx_hal_tim.o
 .debug_abbrev  0x00001ba6      0x282 ./Drivers/STM32F1xx_HAL_Driver/Src/stm32f1xx_hal_tim_ex.o
 .debug_abbrev  0x00001e28      0x2f8 ./Drivers/STM32F1xx_HAL_Driver/Src/stm32f1xx_hal_uart.o
 .debug_abbrev  0x00002120      0x2df ./ModbusRTU/modbus_port.o
 .debug_abbrev  0x000023ff      0x124 ./ModbusRTU/modbus_registers.o
 .debug_abbrev  0x00002523      0x38f ./ModbusRTU/modbus_rtu.o

.debug_aranges  0x00000000      0xe18
 .debug_aranges
                0x00000000       0x20 ./Core/Src/gpio.o
 .debug_aranges
                0x00000020       0x48 ./Core/Src/main.o
 .debug_aranges
                0x00000068       0x20 ./Core/Src/stm32f1xx_hal_msp.o
 .debug_aranges
                0x00000088       0x30 ./Core/Src/stm32f1xx_hal_timebase_tim.o
 .debug_aranges
                0x000000b8       0x78 ./Core/Src/stm32f1xx_it.o
 .debug_aranges
                0x00000130       0x28 ./Core/Src/system_stm32f1xx.o
 .debug_aranges
                0x00000158       0x30 ./Core/Src/tim.o
 .debug_aranges
                0x00000188       0x30 ./Core/Src/usart.o
 .debug_aranges
                0x000001b8       0x28 ./Core/Startup/startup_stm32f103c8tx.o
 .debug_aranges
                0x000001e0       0xe0 ./Drivers/STM32F1xx_HAL_Driver/Src/stm32f1xx_hal.o
 .debug_aranges
                0x000002c0      0x100 ./Drivers/STM32F1xx_HAL_Driver/Src/stm32f1xx_hal_cortex.o
 .debug_aranges
                0x000003c0       0x80 ./Drivers/STM32F1xx_HAL_Driver/Src/stm32f1xx_hal_dma.o
 .debug_aranges
                0x00000440       0x58 ./Drivers/STM32F1xx_HAL_Driver/Src/stm32f1xx_hal_gpio.o
 .debug_aranges
                0x00000498       0x90 ./Drivers/STM32F1xx_HAL_Driver/Src/stm32f1xx_hal_rcc.o
 .debug_aranges
                0x00000528      0x3d0 ./Drivers/STM32F1xx_HAL_Driver/Src/stm32f1xx_hal_tim.o
 .debug_aranges
                0x000008f8      0x168 ./Drivers/STM32F1xx_HAL_Driver/Src/stm32f1xx_hal_tim_ex.o
 .debug_aranges
                0x00000a60      0x208 ./Drivers/STM32F1xx_HAL_Driver/Src/stm32f1xx_hal_uart.o
 .debug_aranges
                0x00000c68       0x80 ./ModbusRTU/modbus_port.o
 .debug_aranges
                0x00000ce8       0x30 ./ModbusRTU/modbus_registers.o
 .debug_aranges
                0x00000d18      0x100 ./ModbusRTU/modbus_rtu.o

.debug_rnglists
                0x00000000      0xae6
 .debug_rnglists
                0x00000000       0x14 ./Core/Src/gpio.o
 .debug_rnglists
                0x00000014       0x32 ./Core/Src/main.o
 .debug_rnglists
                0x00000046       0x13 ./Core/Src/stm32f1xx_hal_msp.o
 .debug_rnglists
                0x00000059       0x20 ./Core/Src/stm32f1xx_hal_timebase_tim.o
 .debug_rnglists
                0x00000079       0x55 ./Core/Src/stm32f1xx_it.o
 .debug_rnglists
                0x000000ce       0x1a ./Core/Src/system_stm32f1xx.o
 .debug_rnglists
                0x000000e8       0x20 ./Core/Src/tim.o
 .debug_rnglists
                0x00000108       0x20 ./Core/Src/usart.o
 .debug_rnglists
                0x00000128       0x19 ./Core/Startup/startup_stm32f103c8tx.o
 .debug_rnglists
                0x00000141       0xa3 ./Drivers/STM32F1xx_HAL_Driver/Src/stm32f1xx_hal.o
 .debug_rnglists
                0x000001e4       0xbb ./Drivers/STM32F1xx_HAL_Driver/Src/stm32f1xx_hal_cortex.o
 .debug_rnglists
                0x0000029f       0x64 ./Drivers/STM32F1xx_HAL_Driver/Src/stm32f1xx_hal_dma.o
 .debug_rnglists
                0x00000303       0x3f ./Drivers/STM32F1xx_HAL_Driver/Src/stm32f1xx_hal_gpio.o
 .debug_rnglists
                0x00000342       0x6c ./Drivers/STM32F1xx_HAL_Driver/Src/stm32f1xx_hal_rcc.o
 .debug_rnglists
                0x000003ae      0x31a ./Drivers/STM32F1xx_HAL_Driver/Src/stm32f1xx_hal_tim.o
 .debug_rnglists
                0x000006c8      0x125 ./Drivers/STM32F1xx_HAL_Driver/Src/stm32f1xx_hal_tim_ex.o
 .debug_rnglists
                0x000007ed      0x1bc ./Drivers/STM32F1xx_HAL_Driver/Src/stm32f1xx_hal_uart.o
 .debug_rnglists
                0x000009a9       0x5d ./ModbusRTU/modbus_port.o
 .debug_rnglists
                0x00000a06       0x20 ./ModbusRTU/modbus_registers.o
 .debug_rnglists
                0x00000a26       0xc0 ./ModbusRTU/modbus_rtu.o

.debug_macro    0x00000000    0x17a0c
 .debug_macro   0x00000000      0x1bc ./Core/Src/gpio.o
 .debug_macro   0x000001bc      0xacc ./Core/Src/gpio.o
 .debug_macro   0x00000c88      0x21b ./Core/Src/gpio.o
 .debug_macro   0x00000ea3       0x2e ./Core/Src/gpio.o
 .debug_macro   0x00000ed1       0x22 ./Core/Src/gpio.o
 .debug_macro   0x00000ef3       0x22 ./Core/Src/gpio.o
 .debug_macro   0x00000f15       0x8e ./Core/Src/gpio.o
 .debug_macro   0x00000fa3       0x51 ./Core/Src/gpio.o
 .debug_macro   0x00000ff4      0x103 ./Core/Src/gpio.o
 .debug_macro   0x000010f7       0x6a ./Core/Src/gpio.o
 .debug_macro   0x00001161      0x1df ./Core/Src/gpio.o
 .debug_macro   0x00001340       0x1c ./Core/Src/gpio.o
 .debug_macro   0x0000135c       0x22 ./Core/Src/gpio.o
 .debug_macro   0x0000137e       0xbd ./Core/Src/gpio.o
 .debug_macro   0x0000143b      0xd23 ./Core/Src/gpio.o
 .debug_macro   0x0000215e     0xe09e ./Core/Src/gpio.o
 .debug_macro   0x000101fc       0x6d ./Core/Src/gpio.o
 .debug_macro   0x00010269     0x34a2 ./Core/Src/gpio.o
 .debug_macro   0x0001370b      0x190 ./Core/Src/gpio.o
 .debug_macro   0x0001389b       0x5c ./Core/Src/gpio.o
 .debug_macro   0x000138f7      0x5bc ./Core/Src/gpio.o
 .debug_macro   0x00013eb3      0x289 ./Core/Src/gpio.o
 .debug_macro   0x0001413c      0x1cb ./Core/Src/gpio.o
 .debug_macro   0x00014307      0x114 ./Core/Src/gpio.o
 .debug_macro   0x0001441b      0x1b2 ./Core/Src/gpio.o
 .debug_macro   0x000145cd       0x27 ./Core/Src/gpio.o
 .debug_macro   0x000145f4      0x136 ./Core/Src/gpio.o
 .debug_macro   0x0001472a      0x1bc ./Core/Src/gpio.o
 .debug_macro   0x000148e6       0x34 ./Core/Src/gpio.o
 .debug_macro   0x0001491a       0x3c ./Core/Src/gpio.o
 .debug_macro   0x00014956       0x57 ./Core/Src/gpio.o
 .debug_macro   0x000149ad       0x87 ./Core/Src/gpio.o
 .debug_macro   0x00014a34      0x240 ./Core/Src/gpio.o
 .debug_macro   0x00014c74      0x140 ./Core/Src/gpio.o
 .debug_macro   0x00014db4      0x8ed ./Core/Src/gpio.o
 .debug_macro   0x000156a1      0x28e ./Core/Src/gpio.o
 .debug_macro   0x0001592f       0x83 ./Core/Src/gpio.o
 .debug_macro   0x000159b2       0x10 ./Core/Src/gpio.o
 .debug_macro   0x000159c2      0x203 ./Core/Src/main.o
 .debug_macro   0x00015bc5       0x22 ./Core/Src/main.o
 .debug_macro   0x00015be7       0x9a ./Core/Src/main.o
 .debug_macro   0x00015c81       0x6a ./Core/Src/main.o
 .debug_macro   0x00015ceb      0x1b2 ./Core/Src/stm32f1xx_hal_msp.o
 .debug_macro   0x00015e9d      0x1a3 ./Core/Src/stm32f1xx_hal_timebase_tim.o
 .debug_macro   0x00016040      0x1e7 ./Core/Src/stm32f1xx_it.o
 .debug_macro   0x00016227      0x1a3 ./Core/Src/system_stm32f1xx.o
 .debug_macro   0x000163ca      0x1bc ./Core/Src/tim.o
 .debug_macro   0x00016586      0x1bc ./Core/Src/usart.o
 .debug_macro   0x00016742      0x1c7 ./Drivers/STM32F1xx_HAL_Driver/Src/stm32f1xx_hal.o
 .debug_macro   0x00016909      0x1a3 ./Drivers/STM32F1xx_HAL_Driver/Src/stm32f1xx_hal_cortex.o
 .debug_macro   0x00016aac      0x1a3 ./Drivers/STM32F1xx_HAL_Driver/Src/stm32f1xx_hal_dma.o
 .debug_macro   0x00016c4f      0x20e ./Drivers/STM32F1xx_HAL_Driver/Src/stm32f1xx_hal_gpio.o
 .debug_macro   0x00016e5d      0x1b5 ./Drivers/STM32F1xx_HAL_Driver/Src/stm32f1xx_hal_rcc.o
 .debug_macro   0x00017012      0x1a4 ./Drivers/STM32F1xx_HAL_Driver/Src/stm32f1xx_hal_tim.o
 .debug_macro   0x000171b6      0x1a3 ./Drivers/STM32F1xx_HAL_Driver/Src/stm32f1xx_hal_tim_ex.o
 .debug_macro   0x00017359      0x1a4 ./Drivers/STM32F1xx_HAL_Driver/Src/stm32f1xx_hal_uart.o
 .debug_macro   0x000174fd      0x1d7 ./ModbusRTU/modbus_port.o
 .debug_macro   0x000176d4       0x16 ./ModbusRTU/modbus_port.o
 .debug_macro   0x000176ea       0x84 ./ModbusRTU/modbus_registers.o
 .debug_macro   0x0001776e       0x94 ./ModbusRTU/modbus_registers.o
 .debug_macro   0x00017802      0x179 ./ModbusRTU/modbus_rtu.o
 .debug_macro   0x0001797b       0x61 ./ModbusRTU/modbus_rtu.o
 .debug_macro   0x000179dc       0x10 ./ModbusRTU/modbus_rtu.o
 .debug_macro   0x000179ec       0x20 ./ModbusRTU/modbus_rtu.o

.debug_line     0x00000000    0x107f9
 .debug_line    0x00000000      0x70a ./Core/Src/gpio.o
 .debug_line    0x0000070a      0x878 ./Core/Src/main.o
 .debug_line    0x00000f82      0x6fd ./Core/Src/stm32f1xx_hal_msp.o
 .debug_line    0x0000167f      0x77d ./Core/Src/stm32f1xx_hal_timebase_tim.o
 .debug_line    0x00001dfc      0x86a ./Core/Src/stm32f1xx_it.o
 .debug_line    0x00002666      0x77b ./Core/Src/system_stm32f1xx.o
 .debug_line    0x00002de1      0x776 ./Core/Src/tim.o
 .debug_line    0x00003557      0x773 ./Core/Src/usart.o
 .debug_line    0x00003cca       0x78 ./Core/Startup/startup_stm32f103c8tx.o
 .debug_line    0x00003d42      0x9ac ./Drivers/STM32F1xx_HAL_Driver/Src/stm32f1xx_hal.o
 .debug_line    0x000046ee      0xb76 ./Drivers/STM32F1xx_HAL_Driver/Src/stm32f1xx_hal_cortex.o
 .debug_line    0x00005264      0xdb6 ./Drivers/STM32F1xx_HAL_Driver/Src/stm32f1xx_hal_dma.o
 .debug_line    0x0000601a      0xa09 ./Drivers/STM32F1xx_HAL_Driver/Src/stm32f1xx_hal_gpio.o
 .debug_line    0x00006a23      0xe65 ./Drivers/STM32F1xx_HAL_Driver/Src/stm32f1xx_hal_rcc.o
 .debug_line    0x00007888     0x349a ./Drivers/STM32F1xx_HAL_Driver/Src/stm32f1xx_hal_tim.o
 .debug_line    0x0000ad22     0x1870 ./Drivers/STM32F1xx_HAL_Driver/Src/stm32f1xx_hal_tim_ex.o
 .debug_line    0x0000c592     0x24c8 ./Drivers/STM32F1xx_HAL_Driver/Src/stm32f1xx_hal_uart.o
 .debug_line    0x0000ea5a      0x9b0 ./ModbusRTU/modbus_port.o
 .debug_line    0x0000f40a      0x50b ./ModbusRTU/modbus_registers.o
 .debug_line    0x0000f915      0xee4 ./ModbusRTU/modbus_rtu.o

.debug_str      0x00000000    0x8aa0c
 .debug_str     0x00000000    0x8aa0c ./Core/Src/gpio.o
                              0x8382f (size before relaxing)
 .debug_str     0x0008aa0c    0x8484e ./Core/Src/main.o
 .debug_str     0x0008aa0c    0x837b7 ./Core/Src/stm32f1xx_hal_msp.o
 .debug_str     0x0008aa0c    0x84075 ./Core/Src/stm32f1xx_hal_timebase_tim.o
 .debug_str     0x0008aa0c    0x844da ./Core/Src/stm32f1xx_it.o
 .debug_str     0x0008aa0c    0x837ad ./Core/Src/system_stm32f1xx.o
 .debug_str     0x0008aa0c    0x840d8 ./Core/Src/tim.o
 .debug_str     0x0008aa0c    0x83f92 ./Core/Src/usart.o
 .debug_str     0x0008aa0c       0x8e ./Core/Startup/startup_stm32f103c8tx.o
 .debug_str     0x0008aa0c    0x83ee0 ./Drivers/STM32F1xx_HAL_Driver/Src/stm32f1xx_hal.o
 .debug_str     0x0008aa0c    0x83e2c ./Drivers/STM32F1xx_HAL_Driver/Src/stm32f1xx_hal_cortex.o
 .debug_str     0x0008aa0c    0x83b56 ./Drivers/STM32F1xx_HAL_Driver/Src/stm32f1xx_hal_dma.o
 .debug_str     0x0008aa0c    0x83b33 ./Drivers/STM32F1xx_HAL_Driver/Src/stm32f1xx_hal_gpio.o
 .debug_str     0x0008aa0c    0x83bdc ./Drivers/STM32F1xx_HAL_Driver/Src/stm32f1xx_hal_rcc.o
 .debug_str     0x0008aa0c    0x84bde ./Drivers/STM32F1xx_HAL_Driver/Src/stm32f1xx_hal_tim.o
 .debug_str     0x0008aa0c    0x843ea ./Drivers/STM32F1xx_HAL_Driver/Src/stm32f1xx_hal_tim_ex.o
 .debug_str     0x0008aa0c    0x8424d ./Drivers/STM32F1xx_HAL_Driver/Src/stm32f1xx_hal_uart.o
 .debug_str     0x0008aa0c    0x84b37 ./ModbusRTU/modbus_port.o
 .debug_str     0x0008aa0c     0x45d5 ./ModbusRTU/modbus_registers.o
 .debug_str     0x0008aa0c     0x804c ./ModbusRTU/modbus_rtu.o

.comment        0x00000000       0x43
 .comment       0x00000000       0x43 ./Core/Src/gpio.o
                                 0x44 (size before relaxing)
 .comment       0x00000043       0x44 ./Core/Src/main.o
 .comment       0x00000043       0x44 ./Core/Src/stm32f1xx_hal_msp.o
 .comment       0x00000043       0x44 ./Core/Src/stm32f1xx_hal_timebase_tim.o
 .comment       0x00000043       0x44 ./Core/Src/stm32f1xx_it.o
 .comment       0x00000043       0x44 ./Core/Src/system_stm32f1xx.o
 .comment       0x00000043       0x44 ./Core/Src/tim.o
 .comment       0x00000043       0x44 ./Core/Src/usart.o
 .comment       0x00000043       0x44 ./Drivers/STM32F1xx_HAL_Driver/Src/stm32f1xx_hal.o
 .comment       0x00000043       0x44 ./Drivers/STM32F1xx_HAL_Driver/Src/stm32f1xx_hal_cortex.o
 .comment       0x00000043       0x44 ./Drivers/STM32F1xx_HAL_Driver/Src/stm32f1xx_hal_dma.o
 .comment       0x00000043       0x44 ./Drivers/STM32F1xx_HAL_Driver/Src/stm32f1xx_hal_gpio.o
 .comment       0x00000043       0x44 ./Drivers/STM32F1xx_HAL_Driver/Src/stm32f1xx_hal_rcc.o
 .comment       0x00000043       0x44 ./Drivers/STM32F1xx_HAL_Driver/Src/stm32f1xx_hal_tim.o
 .comment       0x00000043       0x44 ./Drivers/STM32F1xx_HAL_Driver/Src/stm32f1xx_hal_tim_ex.o
 .comment       0x00000043       0x44 ./Drivers/STM32F1xx_HAL_Driver/Src/stm32f1xx_hal_uart.o
 .comment       0x00000043       0x44 ./ModbusRTU/modbus_port.o
 .comment       0x00000043       0x44 ./ModbusRTU/modbus_registers.o
 .comment       0x00000043       0x44 ./ModbusRTU/modbus_rtu.o

.debug_frame    0x00000000     0x3918
 .debug_frame   0x00000000       0x34 ./Core/Src/gpio.o
 .debug_frame   0x00000034       0xd8 ./Core/Src/main.o
 .debug_frame   0x0000010c       0x38 ./Core/Src/stm32f1xx_hal_msp.o
 .debug_frame   0x00000144       0x74 ./Core/Src/stm32f1xx_hal_timebase_tim.o
 .debug_frame   0x000001b8      0x15c ./Core/Src/stm32f1xx_it.o
 .debug_frame   0x00000314       0x58 ./Core/Src/system_stm32f1xx.o
 .debug_frame   0x0000036c       0x7c ./Core/Src/tim.o
 .debug_frame   0x000003e8       0x74 ./Core/Src/usart.o
 .debug_frame   0x0000045c      0x334 ./Drivers/STM32F1xx_HAL_Driver/Src/stm32f1xx_hal.o
 .debug_frame   0x00000790      0x428 ./Drivers/STM32F1xx_HAL_Driver/Src/stm32f1xx_hal_cortex.o
 .debug_frame   0x00000bb8      0x208 ./Drivers/STM32F1xx_HAL_Driver/Src/stm32f1xx_hal_dma.o
 .debug_frame   0x00000dc0      0x14c ./Drivers/STM32F1xx_HAL_Driver/Src/stm32f1xx_hal_gpio.o
 .debug_frame   0x00000f0c      0x218 ./Drivers/STM32F1xx_HAL_Driver/Src/stm32f1xx_hal_rcc.o
 .debug_frame   0x00001124     0x11b8 ./Drivers/STM32F1xx_HAL_Driver/Src/stm32f1xx_hal_tim.o
 .debug_frame   0x000022dc      0x638 ./Drivers/STM32F1xx_HAL_Driver/Src/stm32f1xx_hal_tim_ex.o
 .debug_frame   0x00002914      0x944 ./Drivers/STM32F1xx_HAL_Driver/Src/stm32f1xx_hal_uart.o
 .debug_frame   0x00003258      0x1d0 ./ModbusRTU/modbus_port.o
 .debug_frame   0x00003428       0x80 ./ModbusRTU/modbus_registers.o
 .debug_frame   0x000034a8      0x424 ./ModbusRTU/modbus_rtu.o
 .debug_frame   0x000038cc       0x20 E:/ST/STM32CubeIDE_1.17.0/STM32CubeIDE/plugins/com.st.stm32cube.ide.mcu.externaltools.gnu-tools-for-stm32.13.3.rel1.win32_1.0.0.202411081344/tools/bin/../lib/gcc/arm-none-eabi/13.3.1/../../../../arm-none-eabi/lib/thumb/v7-m/nofp\libc_nano.a(libc_a-memset.o)
 .debug_frame   0x000038ec       0x2c E:/ST/STM32CubeIDE_1.17.0/STM32CubeIDE/plugins/com.st.stm32cube.ide.mcu.externaltools.gnu-tools-for-stm32.13.3.rel1.win32_1.0.0.202411081344/tools/bin/../lib/gcc/arm-none-eabi/13.3.1/../../../../arm-none-eabi/lib/thumb/v7-m/nofp\libc_nano.a(libc_a-init.o)

.debug_line_str
                0x00000000       0x72
 .debug_line_str
                0x00000000       0x72 ./Core/Startup/startup_stm32f103c8tx.o
