D:/Documents/WORKSPACE/ModbusRTU/01_Firmwares/ModbusRTU/modbus_port.c:25:1:modbus_port_uart_init	16	static
D:/Documents/WORKSPACE/ModbusRTU/01_Firmwares/ModbusRTU/modbus_port.c:64:1:modbus_port_send	16	static
D:/Documents/WORKSPACE/ModbusRTU/01_Firmwares/ModbusRTU/modbus_port.c:73:1:modbus_port_get_time_ms	8	static
D:/Documents/WORKSPACE/ModbusRTU/01_Firmwares/ModbusRTU/modbus_port.c:81:1:modbus_port_get_time_us	24	static
D:/Documents/WORKSPACE/ModbusRTU/01_Firmwares/ModbusRTU/modbus_port.c:94:1:modbus_port_delay_us	24	static,ignoring_inline_asm
D:/Documents/WORKSPACE/ModbusRTU/01_Firmwares/ModbusRTU/modbus_port.c:105:1:modbus_port_set_interrupts	16	static,ignoring_inline_asm
D:/Documents/WORKSPACE/ModbusRTU/01_Firmwares/ModbusRTU/modbus_port.c:118:1:modbus_port_timer_init	48	static
D:/Documents/WORKSPACE/ModbusRTU/01_Firmwares/ModbusRTU/modbus_port.c:159:1:modbus_port_timer_enable	16	static
D:/Documents/WORKSPACE/ModbusRTU/01_Firmwares/ModbusRTU/modbus_port.c:172:7:modbus_port_get_timer_handle	4	static
D:/Documents/WORKSPACE/ModbusRTU/01_Firmwares/ModbusRTU/modbus_port.c:179:6:modbus_port_rs485_tx_enable	16	static
D:/Documents/WORKSPACE/ModbusRTU/01_Firmwares/ModbusRTU/modbus_port.c:190:6:modbus_port_rs485_rx_enable	16	static
D:/Documents/WORKSPACE/ModbusRTU/01_Firmwares/ModbusRTU/modbus_port.c:201:9:modbus_port_get_rx_byte	4	static
D:/Documents/WORKSPACE/ModbusRTU/01_Firmwares/ModbusRTU/modbus_port.c:208:6:modbus_port_uart_receive_next	8	static
