D:/Documents/WORKSPACE/ModbusRTU/01_Firmwares/ModbusRTU/modbus_rtu.c:85:20:set_bit	16	static
D:/Documents/WORKSPACE/ModbusRTU/01_Firmwares/ModbusRTU/modbus_rtu.c:92:20:get_bit	16	static
D:/Documents/WORKSPACE/ModbusRTU/01_Firmwares/ModbusRTU/modbus_rtu.c:100:16:get_register_index	40	static
D:/Documents/WORKSPACE/ModbusRTU/01_Firmwares/ModbusRTU/modbus_rtu.c:151:1:modbus_rtu_init	24	static
D:/Documents/WORKSPACE/ModbusRTU/01_Firmwares/ModbusRTU/modbus_rtu.c:169:1:modbus_rtu_set_callbacks	24	static
D:/Documents/WORKSPACE/ModbusRTU/01_Firmwares/ModbusRTU/modbus_rtu.c:178:1:modbus_rtu_calc_crc	24	static
D:/Documents/WORKSPACE/ModbusRTU/01_Firmwares/ModbusRTU/modbus_rtu.c:192:1:modbus_rtu_check_crc	24	static
D:/Documents/WORKSPACE/ModbusRTU/01_Firmwares/ModbusRTU/modbus_rtu.c:205:1:modbus_rtu_rx_byte	16	static
D:/Documents/WORKSPACE/ModbusRTU/01_Firmwares/ModbusRTU/modbus_rtu.c:217:1:modbus_rtu_timer_callback	24	static
D:/Documents/WORKSPACE/ModbusRTU/01_Firmwares/ModbusRTU/modbus_rtu.c:229:1:modbus_rtu_slave_process	16	static
D:/Documents/WORKSPACE/ModbusRTU/01_Firmwares/ModbusRTU/modbus_rtu.c:261:1:validate_frame	16	static
D:/Documents/WORKSPACE/ModbusRTU/01_Firmwares/ModbusRTU/modbus_rtu.c:272:1:process_received_frame	56	static
D:/Documents/WORKSPACE/ModbusRTU/01_Firmwares/ModbusRTU/modbus_rtu.c:441:1:build_exception_response	16	static
D:/Documents/WORKSPACE/ModbusRTU/01_Firmwares/ModbusRTU/modbus_rtu.c:452:1:send_response	24	static
D:/Documents/WORKSPACE/ModbusRTU/01_Firmwares/ModbusRTU/modbus_rtu.c:467:6:modbus_rtu_get_coil	24	static
D:/Documents/WORKSPACE/ModbusRTU/01_Firmwares/ModbusRTU/modbus_rtu.c:481:6:modbus_rtu_set_coil	24	static
D:/Documents/WORKSPACE/ModbusRTU/01_Firmwares/ModbusRTU/modbus_rtu.c:495:6:modbus_rtu_get_discrete_input	24	static
D:/Documents/WORKSPACE/ModbusRTU/01_Firmwares/ModbusRTU/modbus_rtu.c:509:6:modbus_rtu_set_discrete_input	24	static
D:/Documents/WORKSPACE/ModbusRTU/01_Firmwares/ModbusRTU/modbus_rtu.c:523:6:modbus_rtu_get_holding_register	24	static
D:/Documents/WORKSPACE/ModbusRTU/01_Firmwares/ModbusRTU/modbus_rtu.c:537:6:modbus_rtu_set_holding_register	24	static
D:/Documents/WORKSPACE/ModbusRTU/01_Firmwares/ModbusRTU/modbus_rtu.c:551:6:modbus_rtu_get_input_register	24	static
D:/Documents/WORKSPACE/ModbusRTU/01_Firmwares/ModbusRTU/modbus_rtu.c:565:6:modbus_rtu_set_input_register	24	static
D:/Documents/WORKSPACE/ModbusRTU/01_Firmwares/ModbusRTU/modbus_rtu.c:580:11:modbus_rtu_get_holding_register_array	4	static
D:/Documents/WORKSPACE/ModbusRTU/01_Firmwares/ModbusRTU/modbus_rtu.c:584:11:modbus_rtu_get_input_register_array	4	static
D:/Documents/WORKSPACE/ModbusRTU/01_Firmwares/ModbusRTU/modbus_rtu.c:588:10:modbus_rtu_get_coil_array	4	static
D:/Documents/WORKSPACE/ModbusRTU/01_Firmwares/ModbusRTU/modbus_rtu.c:592:10:modbus_rtu_get_discrete_input_array	4	static
D:/Documents/WORKSPACE/ModbusRTU/01_Firmwares/ModbusRTU/modbus_rtu.c:613:6:modbus_easy_init	16	static
D:/Documents/WORKSPACE/ModbusRTU/01_Firmwares/ModbusRTU/modbus_rtu.c:637:6:modbus_easy_poll	8	static
D:/Documents/WORKSPACE/ModbusRTU/01_Firmwares/ModbusRTU/modbus_rtu.c:659:19:modbus_easy_get_context	4	static
